isempty-vs-count/main.cpp:8:9: warning: use isEmpty() instead [-Wclazy-isempty-vs-count]
isempty-vs-count/main.cpp:9:15: warning: use isEmpty() instead [-Wclazy-isempty-vs-count]
isempty-vs-count/main.cpp:10:15: warning: use isEmpty() instead [-Wclazy-isempty-vs-count]
isempty-vs-count/main.cpp:14:9: warning: use isEmpty() instead [-Wclazy-isempty-vs-count]
isempty-vs-count/main.cpp:15:9: warning: use contains() instead [-Wclazy-isempty-vs-count]
isempty-vs-count/main.cpp:18:9: warning: use isEmpty() instead [-Wclazy-isempty-vs-count]
